
Allocating common symbols
Common symbol       size              file

netbufpool          0x4               binaries/net.o
readylist           0x2               binaries/ready.o
rfltab              0x5a0             binaries/rflinit.o
sleepq              0x2               binaries/clkinit.o
nnames              0x4               binaries/naminit.o
udptab              0x168             binaries/udp.o
minheap             0x4               binaries/meminit.o
marks               0x50              binaries/mark.o
currpid             0x4               binaries/initialize.o
Lf_data             0x20c             binaries/lfsinit.o
porttab             0x2d0             binaries/ptinit.o
girmask             0x2               binaries/evec.o
ttytab              0x10c             binaries/ttyinit.o
proctab             0x15e0            binaries/initialize.o
prcount             0x4               binaries/initialize.o
lfltab              0xf00             binaries/lflinit.o
rdstab              0x8c              binaries/rdsinit.o
ethertab            0x138             binaries/ethinit.o
NetData             0xa8              binaries/net.o
nmarks              0x4               binaries/mark.o
Defer               0x8               binaries/resched.o
semtab              0x4b0             binaries/initialize.o
maxheap             0x4               binaries/meminit.o
preempt             0x4               binaries/clkinit.o
buftab              0xf0              binaries/bufinit.o
Rf_data             0x18              binaries/rfsinit.o
mkmutex             0x4               binaries/mark.o
clktime             0x4               binaries/clkinit.o
arpcache            0x140             binaries/arp.o
icmptab             0x230             binaries/icmp.o
nbpools             0x4               binaries/bufinit.o
queuetab            0x980             binaries/queue.o
ptnextid            0x4               binaries/ptinit.o
Ram                 0x19000           binaries/raminit.o
ipoqueue            0x2c              binaries/ip.o
memlist             0x8               binaries/initialize.o
nametab             0x19a0            binaries/naminit.o
ptfree              0x4               binaries/ptinit.o

Memory Configuration

Name             Origin             Length             Attributes
*default*        0x0000000000000000 0xffffffffffffffff

Linker script and memory map

                0x0000000000100000                physbase = 0x100000
                0x0000000000100000                . = physbase
                0x0000000000100000                . = ALIGN (0x1000)

.text           0x0000000000100000    0x14000
                0x0000000000100000                text = ABSOLUTE (.)
 *(.text .text.*)
 .text          0x0000000000100000      0x1a8 binaries/start.o
                0x0000000000100024                start
                0x00000000001000f6                inb
                0x00000000001000fe                inw
                0x0000000000100107                inl
                0x000000000010010f                outb
                0x0000000000100119                outw
                0x0000000000100124                outl
                0x000000000010012e                _rtcin
                0x0000000000100139                ___udivsi3
                0x0000000000100144                ___divsi3
                0x0000000000100150                sbzero
                0x0000000000100160                bcopy
                0x0000000000100174                insw
                0x000000000010018a                outsw
                0x00000000001001a0                lidt
 .text          0x00000000001001a8      0x2d5 binaries/ascdate.o
                0x00000000001001a8                ascdate
 .text          0x000000000010047d       0x10 binaries/bufinit.o
                0x000000000010047d                bufinit
 .text          0x000000000010048d       0x6c binaries/chprio.o
                0x000000000010048d                chprio
 .text          0x00000000001004f9       0x73 binaries/clkhandler.o
                0x00000000001004f9                clkhandler
 .text          0x000000000010056c       0x59 binaries/clkinit.o
                0x000000000010056c                clkinit
 .text          0x00000000001005c5       0x56 binaries/close.o
                0x00000000001005c5                close
 .text          0x000000000010061b        0x0 binaries/conf.o
 .text          0x000000000010061b       0x5f binaries/control.o
                0x000000000010061b                control
 .text          0x000000000010067a      0x25c binaries/create.o
                0x000000000010067a                create
 .text          0x00000000001008d6      0x205 binaries/early_imr.o
                0x00000000001008d6                intel_cln_early_sb_read_reg
                0x000000000010092e                intel_cln_early_sb_write_reg
                0x00000000001009dd                remove_irm_protections
 .text          0x0000000000100adb      0x2e6 binaries/evec.o
                0x0000000000100adb                setirmask
                0x0000000000100b0f                set_evec
                0x0000000000100b6b                initevec
                0x0000000000100c3a                trap
 .text          0x0000000000100dc1       0x78 binaries/freebuf.o
                0x0000000000100dc1                freebuf
 .text          0x0000000000100e39      0x107 binaries/freemem.o
                0x0000000000100e39                freemem
 .text          0x0000000000100f40       0x65 binaries/getbuf.o
                0x0000000000100f40                getbuf
 .text          0x0000000000100fa5       0x56 binaries/getc.o
                0x0000000000100fa5                getc
 .text          0x0000000000100ffb       0x63 binaries/getdev.o
                0x0000000000100ffb                getdev
 .text          0x000000000010105e       0x77 binaries/getitem.o
                0x000000000010105e                getitem
                0x000000000010108a                getfirst
                0x00000000001010ad                getlast
 .text          0x00000000001010d5       0xc2 binaries/getmem.o
                0x00000000001010d5                getmem
 .text          0x0000000000101197        0x6 binaries/getpid.o
                0x0000000000101197                getpid
 .text          0x000000000010119d       0x64 binaries/getprio.o
                0x000000000010119d                getprio
 .text          0x0000000000101201       0xa5 binaries/getstk.o
                0x0000000000101201                getstk
 .text          0x00000000001012a6       0x34 binaries/gettime.o
                0x00000000001012a6                gettime
 .text          0x00000000001012da      0x19d binaries/getutime.o
                0x00000000001012da                getutime
 .text          0x0000000000101477       0x56 binaries/init.o
                0x0000000000101477                init
 .text          0x00000000001014cd      0x23d binaries/initialize.o
                0x00000000001014cd                nulluser
                0x00000000001016c5                stop
                0x00000000001016e7                delay
 .text          0x000000000010170a       0xa0 binaries/insert.o
                0x000000000010170a                insert
 .text          0x00000000001017aa       0xe9 binaries/insertd.o
                0x00000000001017aa                insertd
 .text          0x0000000000101893        0x6 binaries/ioerr.o
                0x0000000000101893                ioerr
 .text          0x0000000000101899        0x6 binaries/ionull.o
                0x0000000000101899                ionull
 .text          0x000000000010189f      0x18c binaries/kill.o
                0x000000000010189f                kill
 .text          0x0000000000101a2b       0xa5 binaries/kprintf.o
                0x0000000000101a2b                kputc
                0x0000000000101a5a                console_init
                0x0000000000101a8c                kgetc
                0x0000000000101aae                kprintf
 .text          0x0000000000101ad0       0xf2 binaries/main.o
                0x0000000000101ad0                main
 .text          0x0000000000101bc2       0x93 binaries/mark.o
                0x0000000000101bc2                markinit
                0x0000000000101bdf                mark
 .text          0x0000000000101c55      0x1d7 binaries/meminit.o
                0x0000000000101c55                meminit
                0x0000000000101dbe                setsegs
 .text          0x0000000000101e2c      0x12a binaries/mkbufpool.o
                0x0000000000101e2c                mkbufpool
 .text          0x0000000000101f56       0x5e binaries/newqueue.o
                0x0000000000101f56                newqueue
 .text          0x0000000000101fb4       0x5e binaries/open.o
                0x0000000000101fb4                open
 .text          0x0000000000102012       0x1e binaries/panic.o
                0x0000000000102012                panic
 .text          0x0000000000102030      0x27c binaries/pci.o
                0x0000000000102030                pci_init
                0x0000000000102036                find_pci_device
                0x00000000001020f4                pci_read_config_byte
                0x0000000000102131                pci_read_config_word
                0x0000000000102170                pci_read_config_dword
                0x00000000001021ad                pci_write_config_byte
                0x00000000001021e8                pci_write_config_word
                0x0000000000102224                pci_write_config_dword
                0x000000000010225f                pci_get_dev_mmio_base_addr
 .text          0x00000000001022ac       0x4f binaries/platinit.o
                0x00000000001022ac                platinit
 .text          0x00000000001022fb       0xa3 binaries/ptclear.o
                0x00000000001022fb                _ptclear
 .text          0x000000000010239e       0x7c binaries/ptcount.o
                0x000000000010239e                ptcount
 .text          0x000000000010241a       0xeb binaries/ptcreate.o
                0x000000000010241a                ptcreate
 .text          0x0000000000102505       0x64 binaries/ptdelete.o
                0x0000000000102505                ptdelete
 .text          0x0000000000102569       0x88 binaries/ptinit.o
                0x0000000000102569                ptinit
 .text          0x00000000001025f1       0xec binaries/ptrecv.o
                0x00000000001025f1                ptrecv
 .text          0x00000000001026dd       0x67 binaries/ptreset.o
                0x00000000001026dd                ptreset
 .text          0x0000000000102744      0x10d binaries/ptsend.o
                0x0000000000102744                ptsend
 .text          0x0000000000102851       0x5c binaries/putc.o
                0x0000000000102851                putc
 .text          0x00000000001028ad       0xb6 binaries/quark_irq.o
                0x00000000001028ad                quark_irq_routing
 .text          0x0000000000102963      0x19d binaries/quark_pdat.o
                0x0000000000102963                get_quark_pdat_entry_data_by_id
                0x0000000000102a30                get_quark_pdat_entry_data_by_desc
 .text          0x0000000000102b00       0xb7 binaries/queue.o
                0x0000000000102b00                enqueue
                0x0000000000102b6c                dequeue
 .text          0x0000000000102bb7       0x5e binaries/read.o
                0x0000000000102bb7                read
 .text          0x0000000000102c15       0x6c binaries/ready.o
                0x0000000000102c15                ready
 .text          0x0000000000102c81       0x67 binaries/receive.o
                0x0000000000102c81                receive
 .text          0x0000000000102ce8       0x54 binaries/recvclr.o
                0x0000000000102ce8                recvclr
 .text          0x0000000000102d3c       0xc2 binaries/recvtime.o
                0x0000000000102d3c                recvtime
 .text          0x0000000000102dfe      0x150 binaries/resched.o
                0x0000000000102dfe                resched
                0x0000000000102edb                resched_cntl
 .text          0x0000000000102f4e       0x87 binaries/resume.o
                0x0000000000102f4e                resume
 .text          0x0000000000102fd5       0x5a binaries/seek.o
                0x0000000000102fd5                seek
 .text          0x000000000010302f       0x4f binaries/semcount.o
                0x000000000010302f                semcount
 .text          0x000000000010307e       0x86 binaries/semcreate.o
                0x000000000010307e                semcreate
 .text          0x0000000000103104       0xc3 binaries/semdelete.o
                0x0000000000103104                semdelete
 .text          0x00000000001031c7       0xa7 binaries/semreset.o
                0x00000000001031c7                semreset
 .text          0x000000000010326e       0xd2 binaries/send.o
                0x000000000010326e                send
 .text          0x0000000000103340       0x95 binaries/signal.o
                0x0000000000103340                signal
 .text          0x00000000001033d5       0xb2 binaries/signaln.o
                0x00000000001033d5                signaln
 .text          0x0000000000103487       0xc9 binaries/sleep.o
                0x0000000000103487                sleepms
                0x000000000010351a                sleep
 .text          0x0000000000103550       0xd3 binaries/suspend.o
                0x0000000000103550                suspend
 .text          0x0000000000103623       0x9a binaries/unsleep.o
                0x0000000000103623                unsleep
 .text          0x00000000001036bd       0x15 binaries/userret.o
                0x00000000001036bd                userret
 .text          0x00000000001036d2       0xb7 binaries/wait.o
                0x00000000001036d2                wait
 .text          0x0000000000103789       0x6d binaries/wakeup.o
                0x0000000000103789                wakeup
 .text          0x00000000001037f6       0x5e binaries/write.o
                0x00000000001037f6                write
 .text          0x0000000000103854       0x16 binaries/xdone.o
                0x0000000000103854                xdone
 .text          0x000000000010386a       0x23 binaries/yield.o
                0x000000000010386a                yield
 .text          0x000000000010388d        0xe binaries/abs.o
                0x000000000010388d                abs
 .text          0x000000000010389b       0x7d binaries/atoi.o
                0x000000000010389b                atoi
 .text          0x0000000000103918       0x7d binaries/atol.o
                0x0000000000103918                atol
 .text          0x0000000000103995       0x18 binaries/bzero.o
                0x0000000000103995                bzero
 .text          0x00000000001039ad        0x0 binaries/ctype_.o
 .text          0x00000000001039ad      0x6e7 binaries/doprnt.o
                0x0000000000103b01                _doprnt
 .text          0x0000000000104094      0x678 binaries/doscan.o
                0x0000000000104094                _doscan
 .text          0x000000000010470c      0x6a9 binaries/fdoprnt.o
                0x0000000000104790                _fdoprnt
 .text          0x0000000000104db5       0x1c binaries/fgetc.o
                0x0000000000104db5                fgetc
 .text          0x0000000000104dd1       0x5c binaries/fgets.o
                0x0000000000104dd1                fgets
 .text          0x0000000000104e2d       0x23 binaries/fprintf.o
                0x0000000000104e2d                fprintf
 .text          0x0000000000104e50       0x29 binaries/fputc.o
                0x0000000000104e50                fputc
 .text          0x0000000000104e79       0x3b binaries/fputs.o
                0x0000000000104e79                fputs
 .text          0x0000000000104eb4       0x6a binaries/fscanf.o
                0x0000000000104eee                fscanf
 .text          0x0000000000104f1e       0x25 binaries/getchar.o
                0x0000000000104f1e                getchar
 .text          0x0000000000104f43        0xe binaries/labs.o
                0x0000000000104f43                labs
 .text          0x0000000000104f51       0x32 binaries/memchr.o
                0x0000000000104f51                memchr
 .text          0x0000000000104f83       0x49 binaries/memcmp.o
                0x0000000000104f83                memcmp
 .text          0x0000000000104fcc       0x25 binaries/memcpy.o
                0x0000000000104fcc                memcpy
 .text          0x0000000000104ff1       0x1e binaries/memset.o
                0x0000000000104ff1                memset
 .text          0x000000000010500f       0x38 binaries/printf.o
                0x000000000010500f                printf
 .text          0x0000000000105047       0x29 binaries/putchar.o
                0x0000000000105047                putchar
 .text          0x0000000000105070      0x1cb binaries/qsort.o
                0x0000000000105210                qsort
 .text          0x000000000010523b       0x45 binaries/rand.o
                0x000000000010523b                srand
                0x0000000000105245                rand
 .text          0x0000000000105280       0x49 binaries/sprintf.o
                0x0000000000105297                sprintf
 .text          0x00000000001052c9       0x57 binaries/sscanf.o
                0x00000000001052f2                sscanf
 .text          0x0000000000105320       0x2d binaries/strchr.o
                0x0000000000105320                strchr
 .text          0x000000000010534d       0x43 binaries/strcmp.o
                0x000000000010534d                strcmp
 .text          0x0000000000105390       0x1a binaries/strcpy.o
                0x0000000000105390                strcpy
 .text          0x00000000001053aa       0x1c binaries/strlen.o
                0x00000000001053aa                strlen
 .text          0x00000000001053c6       0x3c binaries/strncat.o
                0x00000000001053c6                strncat
 .text          0x0000000000105402       0x3a binaries/strncmp.o
                0x0000000000105402                strncmp
 .text          0x000000000010543c       0x58 binaries/strncpy.o
                0x000000000010543c                strncpy
 .text          0x0000000000105494       0x36 binaries/strnlen.o
                0x0000000000105494                strnlen
 .text          0x00000000001054ca       0x30 binaries/strrchr.o
                0x00000000001054ca                strrchr
 .text          0x00000000001054fa       0x66 binaries/strstr.o
                0x00000000001054fa                strstr
 .text          0x0000000000105560      0x10a binaries/ttycontrol.o
                0x0000000000105560                ttycontrol
 .text          0x000000000010566a       0xaa binaries/ttygetc.o
                0x000000000010566a                ttygetc
 .text          0x0000000000105714      0x48a binaries/ttyhandle_in.o
                0x00000000001057ca                ttyhandle_in
 .text          0x0000000000105b9e      0x14c binaries/ttyhandle_out.o
                0x0000000000105b9e                ttyhandle_out
 .text          0x0000000000105cea       0x84 binaries/ttyhandler.o
                0x0000000000105cea                ttyhandler
 .text          0x0000000000105d6e      0x15a binaries/ttyinit.o
                0x0000000000105d6e                ttyinit
 .text          0x0000000000105ec8        0xc binaries/ttykickout.o
                0x0000000000105ec8                ttykickout
 .text          0x0000000000105ed4       0xac binaries/ttyputc.o
                0x0000000000105ed4                ttyputc
 .text          0x0000000000105f80       0xf3 binaries/ttyread.o
                0x0000000000105f80                ttyread
 .text          0x0000000000106073       0x46 binaries/ttywrite.o
                0x0000000000106073                ttywrite
 .text          0x00000000001060b9      0x125 binaries/mount.o
                0x00000000001060b9                namlen
                0x00000000001060f1                mount
 .text          0x00000000001061de      0x196 binaries/naminit.o
                0x00000000001061de                naminit
 .text          0x0000000000106374      0x1ff binaries/nammap.o
                0x0000000000106374                namrepl
                0x0000000000106495                namcpy
                0x00000000001064e2                nammap
 .text          0x0000000000106573       0x4e binaries/namopen.o
                0x0000000000106573                namopen
 .text          0x00000000001065c1       0xce binaries/colon2mac.o
                0x00000000001065c1                colon2mac
 .text          0x000000000010668f       0x81 binaries/ethcontrol.o
                0x000000000010668f                ethcontrol
 .text          0x0000000000106710      0x162 binaries/ethhandler.o
                0x0000000000106710                ethhandler
 .text          0x0000000000106872      0x500 binaries/ethinit.o
                0x0000000000106872                eth_phy_read
                0x00000000001068af                eth_phy_write
                0x00000000001068ef                eth_phy_reset
                0x00000000001069c9                ethinit
 .text          0x0000000000106d72       0xee binaries/ethmcast.o
                0x0000000000106d72                ethmcast_add
                0x0000000000106dbf                ethmcast_remove
 .text          0x0000000000106e60      0x14f binaries/ethread.o
                0x0000000000106e60                ethread
 .text          0x0000000000106faf       0xc3 binaries/ethwrite.o
                0x0000000000106faf                ethwrite
 .text          0x0000000000107072       0x66 binaries/rdsbufalloc.o
                0x0000000000107072                rdsbufalloc
 .text          0x00000000001070d8       0xc2 binaries/rdsclose.o
                0x00000000001070d8                rdsclose
 .text          0x000000000010719a      0x1ea binaries/rdscomm.o
                0x000000000010719a                rdscomm
 .text          0x0000000000107384      0x1c2 binaries/rdscontrol.o
                0x0000000000107384                rdscontrol
 .text          0x0000000000107546      0x1e3 binaries/rdsinit.o
                0x0000000000107546                rdsinit
 .text          0x0000000000107729      0x1a1 binaries/rdsopen.o
                0x0000000000107729                rdsopen
 .text          0x00000000001078ca      0x2ab binaries/rdsprocess.o
                0x00000000001078ca                rdsprocess
 .text          0x0000000000107b75      0x1e2 binaries/rdsread.o
                0x0000000000107b75                rdsread
 .text          0x0000000000107d57      0x1ac binaries/rdswrite.o
                0x0000000000107d57                rdswrite
 .text          0x0000000000107f03        0x6 binaries/ramclose.o
                0x0000000000107f03                ramclose
 .text          0x0000000000107f09       0x34 binaries/raminit.o
                0x0000000000107f09                raminit
 .text          0x0000000000107f3d        0x7 binaries/ramopen.o
                0x0000000000107f3d                ramopen
 .text          0x0000000000107f44       0x27 binaries/ramread.o
                0x0000000000107f44                ramread
 .text          0x0000000000107f6b       0x27 binaries/ramwrite.o
                0x0000000000107f6b                ramwrite
 .text          0x0000000000107f92       0x87 binaries/lfdballoc.o
                0x0000000000107f92                lfdballoc
 .text          0x0000000000108019       0x4d binaries/lfdbfree.o
                0x0000000000108019                lfdbfree
 .text          0x0000000000108066       0x9f binaries/lfflush.o
                0x0000000000108066                lfflush
 .text          0x0000000000108105       0x7a binaries/lfgetmode.o
                0x0000000000108105                lfgetmode
 .text          0x000000000010817f       0x5f binaries/lfiballoc.o
                0x000000000010817f                lfiballoc
 .text          0x00000000001081de       0x25 binaries/lfibclear.o
                0x00000000001081de                lfibclear
 .text          0x0000000000108203       0x74 binaries/lfibget.o
                0x0000000000108203                lfibget
 .text          0x0000000000108277       0x91 binaries/lfibput.o
                0x0000000000108277                lfibput
 .text          0x0000000000108308       0xa1 binaries/lflclose.o
                0x0000000000108308                lflclose
 .text          0x00000000001083a9       0xbe binaries/lflcontrol.o
                0x00000000001083a9                lflcontrol
 .text          0x0000000000108467       0xf8 binaries/lflgetc.o
                0x0000000000108467                lflgetc
 .text          0x000000000010855f       0xe4 binaries/lflinit.o
                0x000000000010855f                lflinit
 .text          0x0000000000108643      0x123 binaries/lflputc.o
                0x0000000000108643                lflputc
 .text          0x0000000000108766       0x6a binaries/lflread.o
                0x0000000000108766                lflread
 .text          0x00000000001087d0       0xb8 binaries/lflseek.o
                0x00000000001087d0                lflseek
 .text          0x0000000000108888       0x4e binaries/lflwrite.o
                0x0000000000108888                lflwrite
 .text          0x00000000001088d6      0x11a binaries/lfsckfmt.o
                0x00000000001088d6                lfsckfmt
 .text          0x00000000001089f0      0x1bd binaries/lfscreate.o
                0x00000000001089f0                lfscreate
 .text          0x0000000000108bad      0x1a4 binaries/lfsetup.o
                0x0000000000108bad                lfsetup
 .text          0x0000000000108d51       0x44 binaries/lfsinit.o
                0x0000000000108d51                lfsinit
 .text          0x0000000000108d95      0x2ff binaries/lfsopen.o
                0x0000000000108d95                lfsopen
 .text          0x0000000000109094      0x11d binaries/lftruncate.o
                0x0000000000109094                lftruncate
 .text          0x00000000001091b1       0x69 binaries/rflclose.o
                0x00000000001091b1                rflclose
 .text          0x000000000010921a       0x2b binaries/rflgetc.o
                0x000000000010921a                rflgetc
 .text          0x0000000000109245       0x69 binaries/rflinit.o
                0x0000000000109245                rflinit
 .text          0x00000000001092ae       0x2c binaries/rflputc.o
                0x00000000001092ae                rflputc
 .text          0x00000000001092da      0x2ce binaries/rflread.o
                0x00000000001092da                rflread
 .text          0x00000000001095a8       0x69 binaries/rflseek.o
                0x00000000001095a8                rflseek
 .text          0x0000000000109611      0x2ec binaries/rflwrite.o
                0x0000000000109611                rflwrite
 .text          0x00000000001098fd      0x17c binaries/rfscomm.o
                0x00000000001098fd                rfscomm
 .text          0x0000000000109a79      0x246 binaries/rfscontrol.o
                0x0000000000109a79                rfscontrol
 .text          0x0000000000109cbf       0x7a binaries/rfsgetmode.o
                0x0000000000109cbf                rfsgetmode
 .text          0x0000000000109d39       0x7d binaries/rfsinit.o
                0x0000000000109d39                rfsinit
 .text          0x0000000000109db6       0xb7 binaries/rfsndmsg.o
                0x0000000000109db6                rfsndmsg
 .text          0x0000000000109e6d      0x24f binaries/rfsopen.o
                0x0000000000109e6d                rfsopen
 .text          0x000000000010a0bc      0x619 binaries/arp.o
                0x000000000010a0bc                arp_init
                0x000000000010a0d4                arp_alloc
                0x000000000010a178                arp_ntoh
                0x000000000010a1e2                arp_hton
                0x000000000010a24c                arp_resolve
                0x000000000010a49e                arp_in
 .text          0x000000000010a6d5      0x59d binaries/dhcp.o
                0x000000000010a6d5                dhcp_get_opt_val
                0x000000000010a728                dhcp_bld_bootp_msg
                0x000000000010a7f6                dhcp_bld_disc
                0x000000000010a846                dhcp_bld_req
                0x000000000010a8e0                getlocalip
 .text          0x000000000010ac72       0xd7 binaries/dot2ip.o
                0x000000000010ac72                dot2ip
 .text          0x000000000010ad49      0x379 binaries/hexdump.o
                0x000000000010ad49                hexdump
                0x000000000010ae99                hexadump
 .text          0x000000000010b0c2      0x6dc binaries/icmp.o
                0x000000000010b0c2                icmp_init
                0x000000000010b0da                icmp_register
                0x000000000010b198                icmp_recv
                0x000000000010b33b                icmp_mkpkt
                0x000000000010b40c                icmp_in
                0x000000000010b59f                icmp_send
                0x000000000010b60e                icmp_release
                0x000000000010b71d                icmp_cksum
                0x000000000010b776                icmp_hton
                0x000000000010b78a                icmp_ntoh
 .text          0x000000000010b79e      0x5ca binaries/ip.o
                0x000000000010b79e                ip_local
                0x000000000010b7de                ipcksum
                0x000000000010b82b                ip_ntoh
                0x000000000010b895                ip_in
                0x000000000010b9b8                ip_hton
                0x000000000010ba22                ip_out
                0x000000000010bad5                ip_send
                0x000000000010bbe1                ipout
                0x000000000010bcd1                ip_enqueue
 .text          0x000000000010bd68      0x1a8 binaries/net.o
                0x000000000010bd68                net_init
                0x000000000010be5e                eth_hton
                0x000000000010be68                eth_ntoh
                0x000000000010be72                netin
 .text          0x000000000010bf10       0xb3 binaries/netstart.o
                0x000000000010bf10                netstart
 .text          0x000000000010bfc3      0xa2d binaries/pdump.o
                0x000000000010bfc3                pdump
                0x000000000010c5a7                pdumph
 .text          0x000000000010c9f0      0x5c8 binaries/tftp.o
                0x000000000010c9f0                tftp_send1
                0x000000000010cb0c                tftpget_mb
                0x000000000010cf91                tftpget
 .text          0x000000000010cfb8      0x9fe binaries/udp.o
                0x000000000010cfb8                udp_init
                0x000000000010cff5                udp_in
                0x000000000010d114                udp_register
                0x000000000010d231                udp_recv
                0x000000000010d3be                udp_recvaddr
                0x000000000010d55f                udp_send
                0x000000000010d71a                udp_sendto
                0x000000000010d88d                udp_release
                0x000000000010d98e                udp_ntoh
                0x000000000010d9a2                udp_hton
 .text          0x000000000010d9b6      0x12c binaries/addargs.o
                0x000000000010d9b6                addargs
 .text          0x000000000010dae2      0x1e2 binaries/lexan.o
                0x000000000010dae2                lexan
 .text          0x000000000010dcc4      0x5b8 binaries/shell.o
                0x000000000010dcc4                shell
 .text          0x000000000010e27c       0x57 binaries/xsh_argecho.o
                0x000000000010e27c                xsh_argecho
 .text          0x000000000010e2d3      0x1f8 binaries/xsh_arp.o
                0x000000000010e2d3                xsh_arp
 .text          0x000000000010e4cb      0x211 binaries/xsh_cat.o
                0x000000000010e4cb                xsh_cat
 .text          0x000000000010e6dc       0x59 binaries/xsh_clear.o
                0x000000000010e6dc                xsh_clear
 .text          0x000000000010e735      0x28f binaries/xsh_date.o
                0x000000000010e735                xsh_date
 .text          0x000000000010e9c4       0x89 binaries/xsh_devdump.o
                0x000000000010e9c4                xsh_devdump
 .text          0x000000000010ea4d       0x5e binaries/xsh_echo.o
                0x000000000010ea4d                xsh_echo
 .text          0x000000000010eaab        0x6 binaries/xsh_exit.o
                0x000000000010eaab                xsh_exit
 .text          0x000000000010eab1      0x332 binaries/xsh_help.o
                0x000000000010eab1                xsh_help
 .text          0x000000000010ede3      0x391 binaries/xsh_ipaddr.o
                0x000000000010ede3                xsh_ipaddr
 .text          0x000000000010f174      0x1df binaries/xsh_kill.o
                0x000000000010f174                xsh_kill
 .text          0x000000000010f353      0x3f5 binaries/xsh_memdump.o
                0x000000000010f415                xsh_memdump
 .text          0x000000000010f748      0x1d7 binaries/xsh_memstat.o
                0x000000000010f748                xsh_memstat
 .text          0x000000000010f91f      0x2cb binaries/xsh_ping.o
                0x000000000010f91f                xsh_ping
 .text          0x000000000010fbea      0x1ac binaries/xsh_ps.o
                0x000000000010fbea                xsh_ps
 .text          0x000000000010fd96      0x1cc binaries/xsh_sleep.o
                0x000000000010fd96                xsh_sleep
 .text          0x000000000010ff62      0x1d8 binaries/xsh_udpdump.o
                0x000000000010ff62                xsh_udpdump
 .text          0x000000000011013a      0x406 binaries/xsh_udpecho.o
                0x000000000011013a                xsh_udpecho
 .text          0x0000000000110540      0x243 binaries/xsh_udpeserver.o
                0x0000000000110540                xsh_udpeserver
 .text          0x0000000000110783      0x1c0 binaries/xsh_uptime.o
                0x0000000000110783                xsh_uptime
 .text          0x0000000000110943        0xe binaries/clkdisp.o
                0x0000000000110943                clkdisp
 .text          0x0000000000110951       0x19 binaries/ctxsw.o
                0x0000000000110951                ctxsw
 .text          0x000000000011096a      0x368 binaries/intr.o
                0x000000000011096a                disable
                0x0000000000110973                restore
                0x0000000000110981                enable
                0x0000000000110983                pause
                0x000000000011098a                halt
                0x000000000011098d                spurious_irq7
                0x0000000000110992                spurious_irq15
                0x00000000001109a1                _Xint0
                0x00000000001109ac                _Xint1
                0x00000000001109b7                _Xint2
                0x00000000001109c2                _Xint3
                0x00000000001109cd                _Xint4
                0x00000000001109d8                _Xint5
                0x00000000001109e3                _Xint6
                0x00000000001109ee                _Xint7
                0x00000000001109f9                _Xint8
                0x0000000000110a04                _Xint9
                0x0000000000110a0f                _Xint10
                0x0000000000110a1a                _Xint11
                0x0000000000110a28                _Xint12
                0x0000000000110a36                _Xint13
                0x0000000000110a44                _Xint14
                0x0000000000110a52                _Xint15
                0x0000000000110a60                _Xint16
                0x0000000000110a6e                _Xint17
                0x0000000000110a7c                _Xint18
                0x0000000000110a8a                _Xint19
                0x0000000000110a98                _Xint20
                0x0000000000110aa6                _Xint21
                0x0000000000110ab4                _Xint22
                0x0000000000110ac2                _Xint23
                0x0000000000110ad0                _Xint24
                0x0000000000110ade                _Xint25
                0x0000000000110aec                _Xint26
                0x0000000000110afa                _Xint27
                0x0000000000110b08                _Xint28
                0x0000000000110b16                _Xint29
                0x0000000000110b24                _Xint30
                0x0000000000110b32                _Xint31
                0x0000000000110b40                _Xint32
                0x0000000000110b4e                _Xint33
                0x0000000000110b5c                _Xint34
                0x0000000000110b6a                _Xint35
                0x0000000000110b78                _Xint36
                0x0000000000110b86                _Xint37
                0x0000000000110b94                _Xint38
                0x0000000000110ba2                _Xint39
                0x0000000000110bb0                _Xint40
                0x0000000000110bbe                _Xint41
                0x0000000000110bcc                _Xint42
                0x0000000000110bda                _Xint43
                0x0000000000110be8                _Xint44
                0x0000000000110bf6                _Xint45
                0x0000000000110c04                _Xint46
                0x0000000000110c12                defevec
 .text          0x0000000000110cd2        0xf binaries/ttydispatch.o
                0x0000000000110cd2                ttydispatch
 .text          0x0000000000110ce1       0x13 binaries/ethdispatch.o
                0x0000000000110ce1                ethdispatch
 *(.rodata .rodata.*)
 .rodata.str1.1
                0x0000000000110cf4       0x54 binaries/ascdate.o
 .rodata.str1.4
                0x0000000000110d48       0x22 binaries/ascdate.o
 .rodata.str1.1
                0x0000000000110d6a       0x5f binaries/conf.o
 *fill*         0x0000000000110dc9        0x3 
 .rodata.str1.4
                0x0000000000110dcc       0x4f binaries/early_imr.o
 *fill*         0x0000000000110e1b        0x1 
 .rodata        0x0000000000110e1c       0x33 binaries/early_imr.o
 .rodata.str1.1
                0x0000000000110e4f      0x20c binaries/evec.o
 *fill*         0x000000000011105b        0x1 
 .rodata.str1.4
                0x000000000011105c       0x23 binaries/evec.o
 .rodata.str1.1
                0x000000000011107f        0xb binaries/getutime.o
 *fill*         0x000000000011108a        0x2 
 .rodata.str1.4
                0x000000000011108c       0x54 binaries/getutime.o
 .rodata.str1.1
                0x00000000001110e0       0x63 binaries/initialize.o
                                         0x67 (size before relaxing)
 *fill*         0x0000000000111143        0x1 
 .rodata.str1.4
                0x0000000000111144       0xd4 binaries/initialize.o
 .rodata        0x0000000000111218       0x20 binaries/kill.o
 .rodata.str1.1
                0x0000000000111238       0x4b binaries/main.o
 *fill*         0x0000000000111283        0x1 
 .rodata.str1.4
                0x0000000000111284      0x18e binaries/main.o
 *fill*         0x0000000000111412        0x2 
 .rodata.str1.4
                0x0000000000111414       0x23 binaries/meminit.o
 .rodata.str1.1
                0x0000000000111437       0x1b binaries/meminit.o
 .rodata.str1.1
                0x0000000000111452        0xf binaries/panic.o
 .rodata.str1.1
                0x0000000000111461       0x1c binaries/ptinit.o
 *fill*         0x000000000011147d        0x3 
 .rodata.str1.4
                0x0000000000111480       0x25 binaries/ptsend.o
 .rodata.str1.1
                0x00000000001114a5       0x22 binaries/quark_pdat.o
 *fill*         0x00000000001114c7        0x1 
 .rodata.str1.4
                0x00000000001114c8       0x27 binaries/xdone.o
 *fill*         0x00000000001114ef       0x11 
 .rodata        0x0000000000111500       0x81 binaries/ctype_.o
                0x0000000000111500                _ctype_
 .rodata.str1.1
                0x0000000000111581       0x29 binaries/doprnt.o
 *fill*         0x00000000001115aa        0x2 
 .rodata        0x00000000001115ac       0xc4 binaries/doprnt.o
 .rodata        0x0000000000111670       0x98 binaries/doscan.o
 .rodata.str1.1
                0x0000000000111708       0x29 binaries/fdoprnt.o
 .rodata        0x0000000000111708       0x84 binaries/fdoprnt.o
 .rodata        0x000000000011178c       0x20 binaries/ttycontrol.o
 .rodata.str1.4
                0x00000000001117ac       0x4c binaries/naminit.o
 .rodata.str1.1
                0x00000000001117f8       0x32 binaries/naminit.o
                                         0x35 (size before relaxing)
 .rodata.str1.1
                0x000000000011182a       0x15 binaries/ethinit.o
 *fill*         0x000000000011183f        0x1 
 .rodata.str1.4
                0x0000000000111840       0x2e binaries/ethinit.o
 *fill*         0x000000000011186e        0x2 
 .rodata.str1.4
                0x0000000000111870       0x2c binaries/rdsbufalloc.o
 .rodata.str1.4
                0x000000000011189c       0x76 binaries/rdscomm.o
 *fill*         0x0000000000111912        0x2 
 .rodata.str1.4
                0x0000000000111914       0x48 binaries/rdscontrol.o
 .rodata.str1.4
                0x000000000011195c       0x7e binaries/rdsinit.o
 .rodata.str1.1
                0x00000000001119da       0x18 binaries/rdsinit.o
 *fill*         0x00000000001119f2        0x2 
 .rodata.str1.4
                0x00000000001119f4       0x22 binaries/rdsopen.o
 *fill*         0x0000000000111a16        0x2 
 .rodata.str1.4
                0x0000000000111a18       0x4d binaries/rdsprocess.o
 .rodata.str1.1
                0x0000000000111a65        0x9 binaries/raminit.o
 .rodata.str1.1
                0x0000000000111a6e       0x13 binaries/lfdballoc.o
 *fill*         0x0000000000111a81        0x3 
 .rodata.str1.4
                0x0000000000111a84       0x23 binaries/lfdballoc.o
 .rodata.str1.1
                0x0000000000111aa7       0x14 binaries/lfiballoc.o
 *fill*         0x0000000000111abb        0x1 
 .rodata.str1.4
                0x0000000000111abc       0x23 binaries/lflcontrol.o
 .rodata.str1.1
                0x0000000000111adf       0x64 binaries/lfsckfmt.o
 *fill*         0x0000000000111b43        0x1 
 .rodata.str1.4
                0x0000000000111b44       0x51 binaries/lfsckfmt.o
 *fill*         0x0000000000111b95        0x3 
 .rodata.str1.4
                0x0000000000111b98       0x21 binaries/rflread.o
 .rodata.str1.4
                0x0000000000111bb9       0x21 binaries/rflwrite.o
 *fill*         0x0000000000111bb9        0x3 
 .rodata.str1.4
                0x0000000000111bbc       0x75 binaries/rfscomm.o
 *fill*         0x0000000000111c31        0x3 
 .rodata.str1.4
                0x0000000000111c34       0x23 binaries/rfscontrol.o
 *fill*         0x0000000000111c57        0x1 
 .rodata        0x0000000000111c58       0x18 binaries/rfscontrol.o
 .rodata.str1.1
                0x0000000000111c70       0x10 binaries/rfsinit.o
 .rodata.str1.4
                0x0000000000111c70       0x57 binaries/rfsinit.o
 *fill*         0x0000000000111cc7        0x1 
 .rodata.str1.4
                0x0000000000111cc8       0x2a binaries/rfsndmsg.o
 .rodata.str1.4
                0x0000000000111cf2       0x22 binaries/rfsopen.o
 .rodata.str1.1
                0x0000000000111cf2       0x19 binaries/arp.o
 *fill*         0x0000000000111d0b        0x1 
 .rodata.str1.4
                0x0000000000111d0c       0x21 binaries/arp.o
 *fill*         0x0000000000111d2d        0x3 
 .rodata.str1.4
                0x0000000000111d30       0xa6 binaries/dhcp.o
 .rodata.str1.1
                0x0000000000111dd6       0x4a binaries/dhcp.o
 .rodata.str1.1
                0x0000000000111e20       0x5a binaries/hexdump.o
                                         0x61 (size before relaxing)
 *fill*         0x0000000000111e7a        0x2 
 .rodata.str1.4
                0x0000000000111e7c       0x67 binaries/hexdump.o
 *fill*         0x0000000000111ee3        0x1 
 .rodata.str1.4
                0x0000000000111ee4       0x29 binaries/icmp.o
 .rodata.str1.1
                0x0000000000111f0d       0x4e binaries/ip.o
 *fill*         0x0000000000111f5b        0x1 
 .rodata.str1.4
                0x0000000000111f5c       0x20 binaries/ip.o
 .rodata.str1.4
                0x0000000000111f7c       0x28 binaries/net.o
 .rodata.str1.1
                0x0000000000111fa4       0x27 binaries/net.o
 *fill*         0x0000000000111fcb        0x1 
 .rodata.str1.4
                0x0000000000111fcc       0xcf binaries/netstart.o
 .rodata.str1.1
                0x000000000011209b      0x141 binaries/pdump.o
                                        0x14b (size before relaxing)
 .rodata.str1.4
                0x00000000001121dc      0x126 binaries/pdump.o
 *fill*         0x0000000000112302        0x2 
 .rodata.str1.4
                0x0000000000112304      0x148 binaries/tftp.o
 .rodata.str1.1
                0x000000000011244c        0x6 binaries/tftp.o
                                          0xa (size before relaxing)
 .rodata.str1.1
                0x0000000000112452       0xe3 binaries/shell.o
                                         0xff (size before relaxing)
 *fill*         0x0000000000112535        0x3 
 .rodata.str1.4
                0x0000000000112538      0x1c4 binaries/shell.o
 *fill*         0x00000000001126fc        0x4 
 .rodata        0x0000000000112700       0xfc binaries/shell.o
                0x0000000000112700                cmdtab
 .rodata.str1.1
                0x00000000001127fc       0x26 binaries/xsh_argecho.o
                                         0x28 (size before relaxing)
 .rodata.str1.1
                0x0000000000112822       0x70 binaries/xsh_arp.o
                                         0x72 (size before relaxing)
 *fill*         0x0000000000112892        0x2 
 .rodata.str1.4
                0x0000000000112894       0xb4 binaries/xsh_arp.o
 .rodata.str1.1
                0x0000000000112948       0x2d binaries/xsh_cat.o
                                         0x4f (size before relaxing)
 *fill*         0x0000000000112975        0x3 
 .rodata.str1.4
                0x0000000000112978       0x52 binaries/xsh_cat.o
                                         0x79 (size before relaxing)
 .rodata.str1.1
                0x00000000001129ca       0x15 binaries/xsh_clear.o
 .rodata.str1.1
                0x00000000001129df       0x46 binaries/xsh_date.o
                                         0x5f (size before relaxing)
 *fill*         0x0000000000112a25        0x3 
 .rodata.str1.4
                0x0000000000112a28      0x163 binaries/xsh_date.o
 .rodata.str1.1
                0x0000000000112b8b       0x5d binaries/xsh_devdump.o
 .rodata.str1.1
                0x0000000000112be8        0x4 binaries/xsh_echo.o
                                          0x9 (size before relaxing)
 .rodata.str1.1
                0x0000000000112bec       0x65 binaries/xsh_help.o
                                         0xa3 (size before relaxing)
 *fill*         0x0000000000112c51        0x3 
 .rodata.str1.4
                0x0000000000112c54       0x7c binaries/xsh_help.o
                                         0xc6 (size before relaxing)
 .rodata.str1.1
                0x0000000000112cd0       0x9c binaries/xsh_ipaddr.o
                                         0xf8 (size before relaxing)
 .rodata.str1.4
                0x0000000000112d6c       0x4d binaries/xsh_ipaddr.o
                                         0x99 (size before relaxing)
 .rodata.str1.1
                0x0000000000112db9       0x78 binaries/xsh_kill.o
                                         0x97 (size before relaxing)
 *fill*         0x0000000000112e31        0x3 
 .rodata.str1.4
                0x0000000000112e34       0x4a binaries/xsh_kill.o
                                         0x96 (size before relaxing)
 .rodata.str1.1
                0x0000000000112e7e       0x84 binaries/xsh_memdump.o
                                         0xa8 (size before relaxing)
 *fill*         0x0000000000112f02        0x2 
 .rodata.str1.4
                0x0000000000112f04      0x15a binaries/xsh_memdump.o
                                        0x1aa (size before relaxing)
 .rodata.str1.1
                0x000000000011305e       0x40 binaries/xsh_memstat.o
                                         0x79 (size before relaxing)
 *fill*         0x000000000011309e        0x2 
 .rodata.str1.4
                0x00000000001130a0      0x187 binaries/xsh_memstat.o
                                        0x1af (size before relaxing)
 .rodata.str1.1
                0x0000000000113227       0x90 binaries/xsh_ping.o
                                         0xaf (size before relaxing)
 *fill*         0x00000000001132b7        0x1 
 .rodata.str1.4
                0x00000000001132b8       0x77 binaries/xsh_ping.o
                                         0xc6 (size before relaxing)
 .rodata.str1.1
                0x000000000011332f       0x74 binaries/xsh_ps.o
                                         0xd5 (size before relaxing)
 *fill*         0x00000000001133a3        0x1 
 .rodata.str1.4
                0x00000000001133a4       0x80 binaries/xsh_ps.o
                                         0xd0 (size before relaxing)
 *fill*         0x0000000000113424       0x1c 
 .rodata        0x0000000000113440       0x20 binaries/xsh_ps.o
 .rodata.str1.1
                0x0000000000113460       0x31 binaries/xsh_sleep.o
                                         0x72 (size before relaxing)
 *fill*         0x0000000000113491        0x3 
 .rodata.str1.4
                0x0000000000113494       0x2a binaries/xsh_sleep.o
                                         0x7a (size before relaxing)
 .rodata.str1.1
                0x00000000001134be       0x6b binaries/xsh_udpdump.o
                                         0xd2 (size before relaxing)
 *fill*         0x0000000000113529        0x3 
 .rodata.str1.4
                0x000000000011352c       0x94 binaries/xsh_udpdump.o
                                         0xe4 (size before relaxing)
 .rodata.str1.1
                0x00000000001135c0       0xdb binaries/xsh_udpecho.o
                                         0xfa (size before relaxing)
 *fill*         0x000000000011369b        0x1 
 .rodata.str1.4
                0x000000000011369c       0xc7 binaries/xsh_udpecho.o
                                        0x116 (size before relaxing)
 .rodata.str1.1
                0x0000000000113763       0x66 binaries/xsh_udpeserver.o
                                         0x8f (size before relaxing)
 *fill*         0x00000000001137c9        0x3 
 .rodata.str1.4
                0x00000000001137cc       0x29 binaries/xsh_udpeserver.o
                                         0x9f (size before relaxing)
 .rodata.str1.1
                0x00000000001137f5       0x49 binaries/xsh_uptime.o
                                         0x8c (size before relaxing)
 *fill*         0x000000000011383e        0x2 
 .rodata.str1.4
                0x0000000000113840       0x28 binaries/xsh_uptime.o
                                         0x76 (size before relaxing)
                0x0000000000113868                etext = ABSOLUTE (.)
                0x0000000000114000                . = ALIGN (0x1000)
 *fill*         0x0000000000113868      0x798 

.eh_frame       0x0000000000114000     0x6610
 .eh_frame      0x0000000000114000       0x78 binaries/ascdate.o
 .eh_frame      0x0000000000114078       0x14 binaries/bufinit.o
                                         0x2c (size before relaxing)
 .eh_frame      0x000000000011408c       0x40 binaries/chprio.o
                                         0x58 (size before relaxing)
 .eh_frame      0x00000000001140cc       0x18 binaries/clkhandler.o
                                         0x30 (size before relaxing)
 .eh_frame      0x00000000001140e4       0x3c binaries/clkinit.o
                                         0x54 (size before relaxing)
 .eh_frame      0x0000000000114120       0x3c binaries/close.o
                                         0x54 (size before relaxing)
 .eh_frame      0x000000000011415c       0x44 binaries/control.o
                                         0x5c (size before relaxing)
 .eh_frame      0x00000000001141a0       0x5c binaries/create.o
                                         0x74 (size before relaxing)
 .eh_frame      0x00000000001141fc      0x148 binaries/early_imr.o
                                        0x160 (size before relaxing)
 .eh_frame      0x0000000000114344      0x1a8 binaries/evec.o
                                        0x1c0 (size before relaxing)
 .eh_frame      0x00000000001144ec       0x50 binaries/freebuf.o
                                         0x68 (size before relaxing)
 .eh_frame      0x000000000011453c       0x58 binaries/freemem.o
                                         0x70 (size before relaxing)
 .eh_frame      0x0000000000114594       0x40 binaries/getbuf.o
                                         0x58 (size before relaxing)
 .eh_frame      0x00000000001145d4       0x3c binaries/getc.o
                                         0x54 (size before relaxing)
 .eh_frame      0x0000000000114610       0x5c binaries/getdev.o
                                         0x74 (size before relaxing)
 .eh_frame      0x000000000011466c       0x4c binaries/getitem.o
                                         0x64 (size before relaxing)
 .eh_frame      0x00000000001146b8       0x50 binaries/getmem.o
                                         0x68 (size before relaxing)
 .eh_frame      0x0000000000114708       0x14 binaries/getpid.o
                                         0x2c (size before relaxing)
 .eh_frame      0x000000000011471c       0x34 binaries/getprio.o
                                         0x4c (size before relaxing)
 .eh_frame      0x0000000000114750       0x58 binaries/getstk.o
                                         0x70 (size before relaxing)
 .eh_frame      0x00000000001147a8       0x20 binaries/gettime.o
                                         0x38 (size before relaxing)
 .eh_frame      0x00000000001147c8       0x8c binaries/getutime.o
                                         0xa4 (size before relaxing)
 .eh_frame      0x0000000000114854       0x3c binaries/init.o
                                         0x54 (size before relaxing)
 .eh_frame      0x0000000000114890       0xe4 binaries/initialize.o
                                         0xfc (size before relaxing)
 .eh_frame      0x0000000000114974       0x24 binaries/insert.o
                                         0x3c (size before relaxing)
 .eh_frame      0x0000000000114998       0x38 binaries/insertd.o
                                         0x50 (size before relaxing)
 .eh_frame      0x00000000001149d0       0x14 binaries/ioerr.o
                                         0x2c (size before relaxing)
 .eh_frame      0x00000000001149e4       0x14 binaries/ionull.o
                                         0x2c (size before relaxing)
 .eh_frame      0x00000000001149f8       0x78 binaries/kill.o
                                         0x90 (size before relaxing)
 .eh_frame      0x0000000000114a70       0x80 binaries/kprintf.o
                                         0x98 (size before relaxing)
 .eh_frame      0x0000000000114af0       0x24 binaries/main.o
                                         0x3c (size before relaxing)
 .eh_frame      0x0000000000114b14       0x4c binaries/mark.o
                                         0x64 (size before relaxing)
 .eh_frame      0x0000000000114b60       0x74 binaries/meminit.o
                                         0x8c (size before relaxing)
 .eh_frame      0x0000000000114bd4       0x74 binaries/mkbufpool.o
                                         0x8c (size before relaxing)
 .eh_frame      0x0000000000114c48       0x14 binaries/newqueue.o
                                         0x2c (size before relaxing)
 .eh_frame      0x0000000000114c5c       0x44 binaries/open.o
                                         0x5c (size before relaxing)
 .eh_frame      0x0000000000114ca0       0x20 binaries/panic.o
                                         0x38 (size before relaxing)
 .eh_frame      0x0000000000114cc0       0xec binaries/pci.o
                                        0x104 (size before relaxing)
 .eh_frame      0x0000000000114dac       0x38 binaries/platinit.o
                                         0x50 (size before relaxing)
 .eh_frame      0x0000000000114de4       0x68 binaries/ptclear.o
                                         0x80 (size before relaxing)
 .eh_frame      0x0000000000114e4c       0x50 binaries/ptcount.o
                                         0x68 (size before relaxing)
 .eh_frame      0x0000000000114e9c       0x60 binaries/ptcreate.o
                                         0x78 (size before relaxing)
 .eh_frame      0x0000000000114efc       0x44 binaries/ptdelete.o
                                         0x5c (size before relaxing)
 .eh_frame      0x0000000000114f40       0x3c binaries/ptinit.o
                                         0x54 (size before relaxing)
 .eh_frame      0x0000000000114f7c       0x54 binaries/ptrecv.o
                                         0x6c (size before relaxing)
 .eh_frame      0x0000000000114fd0       0x44 binaries/ptreset.o
                                         0x5c (size before relaxing)
 .eh_frame      0x0000000000115014       0x5c binaries/ptsend.o
                                         0x74 (size before relaxing)
 .eh_frame      0x0000000000115070       0x44 binaries/putc.o
                                         0x5c (size before relaxing)
 .eh_frame      0x00000000001150b4       0x60 binaries/quark_irq.o
                                         0x78 (size before relaxing)
 .eh_frame      0x0000000000115114       0xd0 binaries/quark_pdat.o
                                         0xe8 (size before relaxing)
 .eh_frame      0x00000000001151e4       0x3c binaries/queue.o
                                         0x54 (size before relaxing)
 .eh_frame      0x0000000000115220       0x44 binaries/read.o
                                         0x5c (size before relaxing)
 .eh_frame      0x0000000000115264       0x28 binaries/ready.o
                                         0x40 (size before relaxing)
 .eh_frame      0x000000000011528c       0x38 binaries/receive.o
                                         0x50 (size before relaxing)
 .eh_frame      0x00000000001152c4       0x28 binaries/recvclr.o
                                         0x40 (size before relaxing)
 .eh_frame      0x00000000001152ec       0x50 binaries/recvtime.o
                                         0x68 (size before relaxing)
 .eh_frame      0x000000000011533c       0x64 binaries/resched.o
                                         0x7c (size before relaxing)
 .eh_frame      0x00000000001153a0       0x48 binaries/resume.o
                                         0x60 (size before relaxing)
 .eh_frame      0x00000000001153e8       0x40 binaries/seek.o
                                         0x58 (size before relaxing)
 .eh_frame      0x0000000000115428       0x34 binaries/semcount.o
                                         0x4c (size before relaxing)
 .eh_frame      0x000000000011545c       0x40 binaries/semcreate.o
                                         0x58 (size before relaxing)
 .eh_frame      0x000000000011549c       0x5c binaries/semdelete.o
                                         0x74 (size before relaxing)
 .eh_frame      0x00000000001154f8       0x68 binaries/semreset.o
                                         0x80 (size before relaxing)
 .eh_frame      0x0000000000115560       0x58 binaries/send.o
                                         0x70 (size before relaxing)
 .eh_frame      0x00000000001155b8       0x50 binaries/signal.o
                                         0x68 (size before relaxing)
 .eh_frame      0x0000000000115608       0x5c binaries/signaln.o
                                         0x74 (size before relaxing)
 .eh_frame      0x0000000000115664       0x74 binaries/sleep.o
                                         0x8c (size before relaxing)
 .eh_frame      0x00000000001156d8       0x50 binaries/suspend.o
                                         0x68 (size before relaxing)
 .eh_frame      0x0000000000115728       0x44 binaries/unsleep.o
                                         0x5c (size before relaxing)
 .eh_frame      0x000000000011576c       0x20 binaries/userret.o
                                         0x38 (size before relaxing)
 .eh_frame      0x000000000011578c       0x54 binaries/wait.o
                                         0x6c (size before relaxing)
 .eh_frame      0x00000000001157e0       0x2c binaries/wakeup.o
                                         0x44 (size before relaxing)
 .eh_frame      0x000000000011580c       0x44 binaries/write.o
                                         0x5c (size before relaxing)
 .eh_frame      0x0000000000115850       0x1c binaries/xdone.o
                                         0x34 (size before relaxing)
 .eh_frame      0x000000000011586c       0x28 binaries/yield.o
                                         0x40 (size before relaxing)
 .eh_frame      0x0000000000115894       0x14 binaries/abs.o
                                         0x2c (size before relaxing)
 .eh_frame      0x00000000001158a8       0x24 binaries/atoi.o
                                         0x3c (size before relaxing)
 .eh_frame      0x00000000001158cc       0x24 binaries/atol.o
                                         0x3c (size before relaxing)
 .eh_frame      0x00000000001158f0       0x14 binaries/bzero.o
                                         0x2c (size before relaxing)
 .eh_frame      0x0000000000115904      0x130 binaries/doprnt.o
                                        0x148 (size before relaxing)
 .eh_frame      0x0000000000115a34      0x104 binaries/doscan.o
                                        0x11c (size before relaxing)
 .eh_frame      0x0000000000115b38       0xf4 binaries/fdoprnt.o
                                        0x10c (size before relaxing)
 .eh_frame      0x0000000000115c2c       0x20 binaries/fgetc.o
                                         0x38 (size before relaxing)
 .eh_frame      0x0000000000115c4c       0x44 binaries/fgets.o
                                         0x5c (size before relaxing)
 .eh_frame      0x0000000000115c90       0x24 binaries/fprintf.o
                                         0x3c (size before relaxing)
 .eh_frame      0x0000000000115cb4       0x20 binaries/fputc.o
                                         0x38 (size before relaxing)
 .eh_frame      0x0000000000115cd4       0x38 binaries/fputs.o
                                         0x50 (size before relaxing)
 .eh_frame      0x0000000000115d0c       0x6c binaries/fscanf.o
                                         0x84 (size before relaxing)
 .eh_frame      0x0000000000115d78       0x1c binaries/getchar.o
                                         0x34 (size before relaxing)
 .eh_frame      0x0000000000115d94       0x14 binaries/labs.o
                                         0x2c (size before relaxing)
 .eh_frame      0x0000000000115da8       0x14 binaries/memchr.o
                                         0x2c (size before relaxing)
 .eh_frame      0x0000000000115dbc       0x24 binaries/memcmp.o
                                         0x3c (size before relaxing)
 .eh_frame      0x0000000000115de0       0x24 binaries/memcpy.o
                                         0x3c (size before relaxing)
 .eh_frame      0x0000000000115e04       0x1c binaries/memset.o
                                         0x34 (size before relaxing)
 .eh_frame      0x0000000000115e20       0x24 binaries/printf.o
                                         0x3c (size before relaxing)
 .eh_frame      0x0000000000115e44       0x20 binaries/putchar.o
                                         0x38 (size before relaxing)
 .eh_frame      0x0000000000115e64       0xc0 binaries/qsort.o
                                         0xd8 (size before relaxing)
 .eh_frame      0x0000000000115f24       0x28 binaries/rand.o
                                         0x40 (size before relaxing)
 .eh_frame      0x0000000000115f4c       0x48 binaries/sprintf.o
                                         0x60 (size before relaxing)
 .eh_frame      0x0000000000115f94       0x54 binaries/sscanf.o
                                         0x6c (size before relaxing)
 .eh_frame      0x0000000000115fe8       0x1c binaries/strchr.o
                                         0x34 (size before relaxing)
 .eh_frame      0x0000000000116004       0x1c binaries/strcmp.o
                                         0x34 (size before relaxing)
 .eh_frame      0x0000000000116020       0x14 binaries/strcpy.o
                                         0x2c (size before relaxing)
 .eh_frame      0x0000000000116034       0x14 binaries/strlen.o
                                         0x2c (size before relaxing)
 .eh_frame      0x0000000000116048       0x2c binaries/strncat.o
                                         0x44 (size before relaxing)
 .eh_frame      0x0000000000116074       0x1c binaries/strncmp.o
                                         0x34 (size before relaxing)
 .eh_frame      0x0000000000116090       0x30 binaries/strncpy.o
                                         0x48 (size before relaxing)
 .eh_frame      0x00000000001160c0       0x1c binaries/strnlen.o
                                         0x34 (size before relaxing)
 .eh_frame      0x00000000001160dc       0x1c binaries/strrchr.o
                                         0x34 (size before relaxing)
 .eh_frame      0x00000000001160f8       0x38 binaries/strstr.o
                                         0x50 (size before relaxing)
 .eh_frame      0x0000000000116130       0x48 binaries/ttycontrol.o
                                         0x60 (size before relaxing)
 .eh_frame      0x0000000000116178       0x38 binaries/ttygetc.o
                                         0x50 (size before relaxing)
 .eh_frame      0x00000000001161b0       0xd8 binaries/ttyhandle_in.o
                                         0xf0 (size before relaxing)
 .eh_frame      0x0000000000116288       0x64 binaries/ttyhandle_out.o
                                         0x7c (size before relaxing)
 .eh_frame      0x00000000001162ec       0x54 binaries/ttyhandler.o
                                         0x6c (size before relaxing)
 .eh_frame      0x0000000000116340       0x48 binaries/ttyinit.o
                                         0x60 (size before relaxing)
 .eh_frame      0x0000000000116388       0x14 binaries/ttykickout.o
                                         0x2c (size before relaxing)
 .eh_frame      0x000000000011639c       0x58 binaries/ttyputc.o
                                         0x70 (size before relaxing)
 .eh_frame      0x00000000001163f4       0x60 binaries/ttyread.o
                                         0x78 (size before relaxing)
 .eh_frame      0x0000000000116454       0x38 binaries/ttywrite.o
                                         0x50 (size before relaxing)
 .eh_frame      0x000000000011648c       0x78 binaries/mount.o
                                         0x90 (size before relaxing)
 .eh_frame      0x0000000000116504       0xe4 binaries/naminit.o
                                         0xfc (size before relaxing)
 .eh_frame      0x00000000001165e8       0xe8 binaries/nammap.o
                                        0x100 (size before relaxing)
 .eh_frame      0x00000000001166d0       0x3c binaries/namopen.o
                                         0x54 (size before relaxing)
 .eh_frame      0x000000000011670c       0x3c binaries/colon2mac.o
                                         0x54 (size before relaxing)
 .eh_frame      0x0000000000116748       0x40 binaries/ethcontrol.o
                                         0x58 (size before relaxing)
 .eh_frame      0x0000000000116788       0x58 binaries/ethhandler.o
                                         0x70 (size before relaxing)
 .eh_frame      0x00000000001167e0      0x14c binaries/ethinit.o
                                        0x164 (size before relaxing)
 .eh_frame      0x000000000011692c       0xa0 binaries/ethmcast.o
                                         0xb8 (size before relaxing)
 .eh_frame      0x00000000001169cc       0x80 binaries/ethread.o
                                         0x98 (size before relaxing)
 .eh_frame      0x0000000000116a4c       0x44 binaries/ethwrite.o
                                         0x5c (size before relaxing)
 .eh_frame      0x0000000000116a90       0x30 binaries/rdsbufalloc.o
                                         0x48 (size before relaxing)
 .eh_frame      0x0000000000116ac0       0x38 binaries/rdsclose.o
                                         0x50 (size before relaxing)
 .eh_frame      0x0000000000116af8       0x8c binaries/rdscomm.o
                                         0xa4 (size before relaxing)
 .eh_frame      0x0000000000116b84       0xb0 binaries/rdscontrol.o
                                         0xc8 (size before relaxing)
 .eh_frame      0x0000000000116c34       0x90 binaries/rdsinit.o
                                         0xa8 (size before relaxing)
 .eh_frame      0x0000000000116cc4       0x74 binaries/rdsopen.o
                                         0x8c (size before relaxing)
 .eh_frame      0x0000000000116d38       0xf8 binaries/rdsprocess.o
                                        0x110 (size before relaxing)
 .eh_frame      0x0000000000116e30       0x7c binaries/rdsread.o
                                         0x94 (size before relaxing)
 .eh_frame      0x0000000000116eac       0x80 binaries/rdswrite.o
                                         0x98 (size before relaxing)
 .eh_frame      0x0000000000116f2c       0x14 binaries/ramclose.o
                                         0x2c (size before relaxing)
 .eh_frame      0x0000000000116f40       0x2c binaries/raminit.o
                                         0x44 (size before relaxing)
 .eh_frame      0x0000000000116f6c       0x14 binaries/ramopen.o
                                         0x2c (size before relaxing)
 .eh_frame      0x0000000000116f80       0x20 binaries/ramread.o
                                         0x38 (size before relaxing)
 .eh_frame      0x0000000000116fa0       0x20 binaries/ramwrite.o
                                         0x38 (size before relaxing)
 .eh_frame      0x0000000000116fc0       0x64 binaries/lfdballoc.o
                                         0x7c (size before relaxing)
 .eh_frame      0x0000000000117024       0x40 binaries/lfdbfree.o
                                         0x58 (size before relaxing)
 .eh_frame      0x0000000000117064       0x50 binaries/lfflush.o
                                         0x68 (size before relaxing)
 .eh_frame      0x00000000001170b4       0x14 binaries/lfgetmode.o
                                         0x2c (size before relaxing)
 .eh_frame      0x00000000001170c8       0x44 binaries/lfiballoc.o
                                         0x5c (size before relaxing)
 .eh_frame      0x000000000011710c       0x14 binaries/lfibclear.o
                                         0x2c (size before relaxing)
 .eh_frame      0x0000000000117120       0x4c binaries/lfibget.o
                                         0x64 (size before relaxing)
 .eh_frame      0x000000000011716c       0x68 binaries/lfibput.o
                                         0x80 (size before relaxing)
 .eh_frame      0x00000000001171d4       0x4c binaries/lflclose.o
                                         0x64 (size before relaxing)
 .eh_frame      0x0000000000117220       0x68 binaries/lflcontrol.o
                                         0x80 (size before relaxing)
 .eh_frame      0x0000000000117288       0x54 binaries/lflgetc.o
                                         0x6c (size before relaxing)
 .eh_frame      0x00000000001172dc       0x50 binaries/lflinit.o
                                         0x68 (size before relaxing)
 .eh_frame      0x000000000011732c       0x68 binaries/lflputc.o
                                         0x80 (size before relaxing)
 .eh_frame      0x0000000000117394       0x44 binaries/lflread.o
                                         0x5c (size before relaxing)
 .eh_frame      0x00000000001173d8       0x50 binaries/lflseek.o
                                         0x68 (size before relaxing)
 .eh_frame      0x0000000000117428       0x48 binaries/lflwrite.o
                                         0x60 (size before relaxing)
 .eh_frame      0x0000000000117470       0xc8 binaries/lfsckfmt.o
                                         0xe0 (size before relaxing)
 .eh_frame      0x0000000000117538       0xd4 binaries/lfscreate.o
                                         0xec (size before relaxing)
 .eh_frame      0x000000000011760c       0xbc binaries/lfsetup.o
                                         0xd4 (size before relaxing)
 .eh_frame      0x00000000001176c8       0x28 binaries/lfsinit.o
                                         0x40 (size before relaxing)
 .eh_frame      0x00000000001176f0       0x90 binaries/lfsopen.o
                                         0xa8 (size before relaxing)
 .eh_frame      0x0000000000117780       0x84 binaries/lftruncate.o
                                         0x9c (size before relaxing)
 .eh_frame      0x0000000000117804       0x30 binaries/rflclose.o
                                         0x48 (size before relaxing)
 .eh_frame      0x0000000000117834       0x24 binaries/rflgetc.o
                                         0x3c (size before relaxing)
 .eh_frame      0x0000000000117858       0x1c binaries/rflinit.o
                                         0x34 (size before relaxing)
 .eh_frame      0x0000000000117874       0x24 binaries/rflputc.o
                                         0x3c (size before relaxing)
 .eh_frame      0x0000000000117898       0xd8 binaries/rflread.o
                                         0xf0 (size before relaxing)
 .eh_frame      0x0000000000117970       0x30 binaries/rflseek.o
                                         0x48 (size before relaxing)
 .eh_frame      0x00000000001179a0       0xcc binaries/rflwrite.o
                                         0xe4 (size before relaxing)
 .eh_frame      0x0000000000117a6c       0x88 binaries/rfscomm.o
                                         0xa0 (size before relaxing)
 .eh_frame      0x0000000000117af4      0x110 binaries/rfscontrol.o
                                        0x128 (size before relaxing)
 .eh_frame      0x0000000000117c04       0x14 binaries/rfsgetmode.o
                                         0x2c (size before relaxing)
 .eh_frame      0x0000000000117c18       0x3c binaries/rfsinit.o
                                         0x54 (size before relaxing)
 .eh_frame      0x0000000000117c54       0x3c binaries/rfsndmsg.o
                                         0x54 (size before relaxing)
 .eh_frame      0x0000000000117c90       0xd0 binaries/rfsopen.o
                                         0xe8 (size before relaxing)
 .eh_frame      0x0000000000117d60      0x244 binaries/arp.o
                                        0x25c (size before relaxing)
 .eh_frame      0x0000000000117fa4      0x264 binaries/dhcp.o
                                        0x27c (size before relaxing)
 .eh_frame      0x0000000000118208       0x3c binaries/dot2ip.o
                                         0x54 (size before relaxing)
 .eh_frame      0x0000000000118244      0x1b0 binaries/hexdump.o
                                        0x1c8 (size before relaxing)
 .eh_frame      0x00000000001183f4      0x2e0 binaries/icmp.o
                                        0x2f8 (size before relaxing)
 .eh_frame      0x00000000001186d4      0x2a4 binaries/ip.o
                                        0x2bc (size before relaxing)
 .eh_frame      0x0000000000118978      0x114 binaries/net.o
                                        0x12c (size before relaxing)
 .eh_frame      0x0000000000118a8c       0x64 binaries/netstart.o
                                         0x7c (size before relaxing)
 .eh_frame      0x0000000000118af0      0x380 binaries/pdump.o
                                        0x398 (size before relaxing)
 .eh_frame      0x0000000000118e70      0x25c binaries/tftp.o
                                        0x274 (size before relaxing)
 .eh_frame      0x00000000001190cc      0x34c binaries/udp.o
                                        0x364 (size before relaxing)
 .eh_frame      0x0000000000119418       0x68 binaries/addargs.o
                                         0x80 (size before relaxing)
 .eh_frame      0x0000000000119480       0x38 binaries/lexan.o
                                         0x50 (size before relaxing)
 .eh_frame      0x00000000001194b8      0x24c binaries/shell.o
                                        0x264 (size before relaxing)
 .eh_frame      0x0000000000119704       0x50 binaries/xsh_argecho.o
                                         0x68 (size before relaxing)
 .eh_frame      0x0000000000119754       0xe0 binaries/xsh_arp.o
                                         0xf8 (size before relaxing)
 .eh_frame      0x0000000000119834       0xac binaries/xsh_cat.o
                                         0xc4 (size before relaxing)
 .eh_frame      0x00000000001198e0       0x30 binaries/xsh_clear.o
                                         0x48 (size before relaxing)
 .eh_frame      0x0000000000119910       0xe4 binaries/xsh_date.o
                                         0xfc (size before relaxing)
 .eh_frame      0x00000000001199f4       0x50 binaries/xsh_devdump.o
                                         0x68 (size before relaxing)
 .eh_frame      0x0000000000119a44       0x50 binaries/xsh_echo.o
                                         0x68 (size before relaxing)
 .eh_frame      0x0000000000119a94       0x14 binaries/xsh_exit.o
                                         0x2c (size before relaxing)
 .eh_frame      0x0000000000119aa8       0xd4 binaries/xsh_help.o
                                         0xec (size before relaxing)
 .eh_frame      0x0000000000119b7c      0x174 binaries/xsh_ipaddr.o
                                        0x18c (size before relaxing)
 .eh_frame      0x0000000000119cf0       0x98 binaries/xsh_kill.o
                                         0xb0 (size before relaxing)
 .eh_frame      0x0000000000119d88      0x128 binaries/xsh_memdump.o
                                        0x140 (size before relaxing)
[...]
 .comment       0x0000000000000034       0x35 binaries/arp.o
 .comment       0x0000000000000034       0x35 binaries/dhcp.o
 .comment       0x0000000000000034       0x35 binaries/dot2ip.o
 .comment       0x0000000000000034       0x35 binaries/hexdump.o
 .comment       0x0000000000000034       0x35 binaries/icmp.o
 .comment       0x0000000000000034       0x35 binaries/ip.o
 .comment       0x0000000000000034       0x35 binaries/net.o
 .comment       0x0000000000000034       0x35 binaries/netstart.o
 .comment       0x0000000000000034       0x35 binaries/pdump.o
 .comment       0x0000000000000034       0x35 binaries/tftp.o
 .comment       0x0000000000000034       0x35 binaries/udp.o
 .comment       0x0000000000000034       0x35 binaries/addargs.o
 .comment       0x0000000000000034       0x35 binaries/lexan.o
 .comment       0x0000000000000034       0x35 binaries/shell.o
 .comment       0x0000000000000034       0x35 binaries/xsh_argecho.o
 .comment       0x0000000000000034       0x35 binaries/xsh_arp.o
 .comment       0x0000000000000034       0x35 binaries/xsh_cat.o
 .comment       0x0000000000000034       0x35 binaries/xsh_clear.o
 .comment       0x0000000000000034       0x35 binaries/xsh_date.o
 .comment       0x0000000000000034       0x35 binaries/xsh_devdump.o
 .comment       0x0000000000000034       0x35 binaries/xsh_echo.o
 .comment       0x0000000000000034       0x35 binaries/xsh_exit.o
 .comment       0x0000000000000034       0x35 binaries/xsh_help.o
 .comment       0x0000000000000034       0x35 binaries/xsh_ipaddr.o
 .comment       0x0000000000000034       0x35 binaries/xsh_kill.o
 .comment       0x0000000000000034       0x35 binaries/xsh_memdump.o
 .comment       0x0000000000000034       0x35 binaries/xsh_memstat.o
 .comment       0x0000000000000034       0x35 binaries/xsh_ping.o
 .comment       0x0000000000000034       0x35 binaries/xsh_ps.o
 .comment       0x0000000000000034       0x35 binaries/xsh_sleep.o
 .comment       0x0000000000000034       0x35 binaries/xsh_udpdump.o
 .comment       0x0000000000000034       0x35 binaries/xsh_udpecho.o
 .comment       0x0000000000000034       0x35 binaries/xsh_udpeserver.o
 .comment       0x0000000000000034       0x35 binaries/xsh_uptime.o

.note.GNU-stack
                0x0000000000000000        0x0
 .note.GNU-stack
                0x0000000000000000        0x0 binaries/ascdate.o
 .note.GNU-stack
                0x0000000000000000        0x0 binaries/bufinit.o
 .note.GNU-stack
                0x0000000000000000        0x0 binaries/chprio.o
 .note.GNU-stack
                0x0000000000000000        0x0 binaries/clkhandler.o
 .note.GNU-stack
                0x0000000000000000        0x0 binaries/clkinit.o
 .note.GNU-stack
                0x0000000000000000        0x0 binaries/close.o
 .note.GNU-stack
                0x0000000000000000        0x0 binaries/conf.o
 .note.GNU-stack
                0x0000000000000000        0x0 binaries/control.o
 .note.GNU-stack
                0x0000000000000000        0x0 binaries/create.o
 .note.GNU-stack
                0x0000000000000000        0x0 binaries/early_imr.o
 .note.GNU-stack
                0x0000000000000000        0x0 binaries/evec.o
 .note.GNU-stack
                0x0000000000000000        0x0 binaries/freebuf.o
 .note.GNU-stack
                0x0000000000000000        0x0 binaries/freemem.o
 .note.GNU-stack
                0x0000000000000000        0x0 binaries/getbuf.o
 .note.GNU-stack
                0x0000000000000000        0x0 binaries/getc.o
 .note.GNU-stack
                0x0000000000000000        0x0 binaries/getdev.o
 .note.GNU-stack
                0x0000000000000000        0x0 binaries/getitem.o
 .note.GNU-stack
                0x0000000000000000        0x0 binaries/getmem.o
 .note.GNU-stack
                0x0000000000000000        0x0 binaries/getpid.o
 .note.GNU-stack
                0x0000000000000000        0x0 binaries/getprio.o
 .note.GNU-stack
                0x0000000000000000        0x0 binaries/getstk.o
 .note.GNU-stack
                0x0000000000000000        0x0 binaries/gettime.o
 .note.GNU-stack
                0x0000000000000000        0x0 binaries/getutime.o
 .note.GNU-stack
                0x0000000000000000        0x0 binaries/init.o
 .note.GNU-stack
                0x0000000000000000        0x0 binaries/initialize.o
 .note.GNU-stack
                0x0000000000000000        0x0 binaries/insert.o
 .note.GNU-stack
                0x0000000000000000        0x0 binaries/insertd.o
 .note.GNU-stack
                0x0000000000000000        0x0 binaries/ioerr.o
 .note.GNU-stack
                0x0000000000000000        0x0 binaries/ionull.o
 .note.GNU-stack
                0x0000000000000000        0x0 binaries/kill.o
 .note.GNU-stack
                0x0000000000000000        0x0 binaries/kprintf.o
 .note.GNU-stack
                0x0000000000000000        0x0 binaries/main.o
 .note.GNU-stack
                0x0000000000000000        0x0 binaries/mark.o
 .note.GNU-stack
                0x0000000000000000        0x0 binaries/meminit.o
 .note.GNU-stack
                0x0000000000000000        0x0 binaries/mkbufpool.o
 .note.GNU-stack
                0x0000000000000000        0x0 binaries/newqueue.o
 .note.GNU-stack
                0x0000000000000000        0x0 binaries/open.o
 .note.GNU-stack
                0x0000000000000000        0x0 binaries/panic.o
 .note.GNU-stack
                0x0000000000000000        0x0 binaries/pci.o
 .note.GNU-stack
                0x0000000000000000        0x0 binaries/platinit.o
 .note.GNU-stack
                0x0000000000000000        0x0 binaries/ptclear.o
 .note.GNU-stack
                0x0000000000000000        0x0 binaries/ptcount.o
 .note.GNU-stack
                0x0000000000000000        0x0 binaries/ptcreate.o
 .note.GNU-stack
                0x0000000000000000        0x0 binaries/ptdelete.o
 .note.GNU-stack
                0x0000000000000000        0x0 binaries/ptinit.o
 .note.GNU-stack
                0x0000000000000000        0x0 binaries/ptrecv.o
 .note.GNU-stack
                0x0000000000000000        0x0 binaries/ptreset.o
 .note.GNU-stack
                0x0000000000000000        0x0 binaries/ptsend.o
 .note.GNU-stack
                0x0000000000000000        0x0 binaries/putc.o
 .note.GNU-stack
                0x0000000000000000        0x0 binaries/quark_irq.o
 .note.GNU-stack
                0x0000000000000000        0x0 binaries/quark_pdat.o
 .note.GNU-stack
                0x0000000000000000        0x0 binaries/queue.o
 .note.GNU-stack
                0x0000000000000000        0x0 binaries/read.o
 .note.GNU-stack
                0x0000000000000000        0x0 binaries/ready.o
 .note.GNU-stack
                0x0000000000000000        0x0 binaries/receive.o
 .note.GNU-stack
                0x0000000000000000        0x0 binaries/recvclr.o
 .note.GNU-stack
                0x0000000000000000        0x0 binaries/recvtime.o
 .note.GNU-stack
                0x0000000000000000        0x0 binaries/resched.o
 .note.GNU-stack
                0x0000000000000000        0x0 binaries/resume.o
 .note.GNU-stack
                0x0000000000000000        0x0 binaries/seek.o
 .note.GNU-stack
                0x0000000000000000        0x0 binaries/semcount.o
 .note.GNU-stack
                0x0000000000000000        0x0 binaries/semcreate.o
 .note.GNU-stack
                0x0000000000000000        0x0 binaries/semdelete.o
 .note.GNU-stack
                0x0000000000000000        0x0 binaries/semreset.o
 .note.GNU-stack
                0x0000000000000000        0x0 binaries/send.o
 .note.GNU-stack
                0x0000000000000000        0x0 binaries/signal.o
 .note.GNU-stack
                0x0000000000000000        0x0 binaries/signaln.o
 .note.GNU-stack
                0x0000000000000000        0x0 binaries/sleep.o
 .note.GNU-stack
                0x0000000000000000        0x0 binaries/suspend.o
 .note.GNU-stack
                0x0000000000000000        0x0 binaries/unsleep.o
 .note.GNU-stack
                0x0000000000000000        0x0 binaries/userret.o
 .note.GNU-stack
                0x0000000000000000        0x0 binaries/wait.o
 .note.GNU-stack
                0x0000000000000000        0x0 binaries/wakeup.o
 .note.GNU-stack
                0x0000000000000000        0x0 binaries/write.o
 .note.GNU-stack
                0x0000000000000000        0x0 binaries/xdone.o
 .note.GNU-stack
                0x0000000000000000        0x0 binaries/yield.o
 .note.GNU-stack
                0x0000000000000000        0x0 binaries/abs.o
 .note.GNU-stack
                0x0000000000000000        0x0 binaries/atoi.o
 .note.GNU-stack
                0x0000000000000000        0x0 binaries/atol.o
 .note.GNU-stack
                0x0000000000000000        0x0 binaries/bzero.o
 .note.GNU-stack
                0x0000000000000000        0x0 binaries/ctype_.o
 .note.GNU-stack
                0x0000000000000000        0x0 binaries/doprnt.o
 .note.GNU-stack
                0x0000000000000000        0x0 binaries/doscan.o
 .note.GNU-stack
                0x0000000000000000        0x0 binaries/fdoprnt.o
 .note.GNU-stack
                0x0000000000000000        0x0 binaries/fgetc.o
 .note.GNU-stack
                0x0000000000000000        0x0 binaries/fgets.o
 .note.GNU-stack
                0x0000000000000000        0x0 binaries/fprintf.o
 .note.GNU-stack
                0x0000000000000000        0x0 binaries/fputc.o
 .note.GNU-stack
                0x0000000000000000        0x0 binaries/fputs.o
 .note.GNU-stack
                0x0000000000000000        0x0 binaries/fscanf.o
 .note.GNU-stack
                0x0000000000000000        0x0 binaries/getchar.o
 .note.GNU-stack
                0x0000000000000000        0x0 binaries/labs.o
 .note.GNU-stack
                0x0000000000000000        0x0 binaries/memchr.o
 .note.GNU-stack
                0x0000000000000000        0x0 binaries/memcmp.o
 .note.GNU-stack
                0x0000000000000000        0x0 binaries/memcpy.o
 .note.GNU-stack
                0x0000000000000000        0x0 binaries/memset.o
 .note.GNU-stack
                0x0000000000000000        0x0 binaries/printf.o
 .note.GNU-stack
                0x0000000000000000        0x0 binaries/putchar.o
 .note.GNU-stack
                0x0000000000000000        0x0 binaries/qsort.o
 .note.GNU-stack
                0x0000000000000000        0x0 binaries/rand.o
 .note.GNU-stack
                0x0000000000000000        0x0 binaries/sprintf.o
 .note.GNU-stack
                0x0000000000000000        0x0 binaries/sscanf.o
 .note.GNU-stack
                0x0000000000000000        0x0 binaries/strchr.o
 .note.GNU-stack
                0x0000000000000000        0x0 binaries/strcmp.o
 .note.GNU-stack
                0x0000000000000000        0x0 binaries/strcpy.o
 .note.GNU-stack
                0x0000000000000000        0x0 binaries/strlen.o
 .note.GNU-stack
                0x0000000000000000        0x0 binaries/strncat.o
 .note.GNU-stack
                0x0000000000000000        0x0 binaries/strncmp.o
 .note.GNU-stack
                0x0000000000000000        0x0 binaries/strncpy.o
 .note.GNU-stack
                0x0000000000000000        0x0 binaries/strnlen.o
 .note.GNU-stack
                0x0000000000000000        0x0 binaries/strrchr.o
 .note.GNU-stack
                0x0000000000000000        0x0 binaries/strstr.o
 .note.GNU-stack
                0x0000000000000000        0x0 binaries/ttycontrol.o
 .note.GNU-stack
                0x0000000000000000        0x0 binaries/ttygetc.o
 .note.GNU-stack
                0x0000000000000000        0x0 binaries/ttyhandle_in.o
 .note.GNU-stack
                0x0000000000000000        0x0 binaries/ttyhandle_out.o
 .note.GNU-stack
                0x0000000000000000        0x0 binaries/ttyhandler.o
 .note.GNU-stack
                0x0000000000000000        0x0 binaries/ttyinit.o
 .note.GNU-stack
                0x0000000000000000        0x0 binaries/ttykickout.o
 .note.GNU-stack
                0x0000000000000000        0x0 binaries/ttyputc.o
 .note.GNU-stack
                0x0000000000000000        0x0 binaries/ttyread.o
 .note.GNU-stack
                0x0000000000000000        0x0 binaries/ttywrite.o
 .note.GNU-stack
                0x0000000000000000        0x0 binaries/mount.o
 .note.GNU-stack
                0x0000000000000000        0x0 binaries/naminit.o
 .note.GNU-stack
                0x0000000000000000        0x0 binaries/nammap.o
 .note.GNU-stack
                0x0000000000000000        0x0 binaries/namopen.o
 .note.GNU-stack
                0x0000000000000000        0x0 binaries/colon2mac.o
 .note.GNU-stack
                0x0000000000000000        0x0 binaries/ethcontrol.o
 .note.GNU-stack
                0x0000000000000000        0x0 binaries/ethhandler.o
 .note.GNU-stack
                0x0000000000000000        0x0 binaries/ethinit.o
 .note.GNU-stack
                0x0000000000000000        0x0 binaries/ethmcast.o
 .note.GNU-stack
                0x0000000000000000        0x0 binaries/ethread.o
 .note.GNU-stack
                0x0000000000000000        0x0 binaries/ethwrite.o
 .note.GNU-stack
                0x0000000000000000        0x0 binaries/rdsbufalloc.o
 .note.GNU-stack
                0x0000000000000000        0x0 binaries/rdsclose.o
 .note.GNU-stack
                0x0000000000000000        0x0 binaries/rdscomm.o
 .note.GNU-stack
                0x0000000000000000        0x0 binaries/rdscontrol.o
 .note.GNU-stack
                0x0000000000000000        0x0 binaries/rdsinit.o
 .note.GNU-stack
                0x0000000000000000        0x0 binaries/rdsopen.o
 .note.GNU-stack
                0x0000000000000000        0x0 binaries/rdsprocess.o
 .note.GNU-stack
                0x0000000000000000        0x0 binaries/rdsread.o
 .note.GNU-stack
                0x0000000000000000        0x0 binaries/rdswrite.o
 .note.GNU-stack
                0x0000000000000000        0x0 binaries/ramclose.o
 .note.GNU-stack
                0x0000000000000000        0x0 binaries/raminit.o
 .note.GNU-stack
                0x0000000000000000        0x0 binaries/ramopen.o
 .note.GNU-stack
                0x0000000000000000        0x0 binaries/ramread.o
 .note.GNU-stack
                0x0000000000000000        0x0 binaries/ramwrite.o
 .note.GNU-stack
                0x0000000000000000        0x0 binaries/lfdballoc.o
 .note.GNU-stack
                0x0000000000000000        0x0 binaries/lfdbfree.o
 .note.GNU-stack
                0x0000000000000000        0x0 binaries/lfflush.o
 .note.GNU-stack
                0x0000000000000000        0x0 binaries/lfgetmode.o
 .note.GNU-stack
                0x0000000000000000        0x0 binaries/lfiballoc.o
 .note.GNU-stack
                0x0000000000000000        0x0 binaries/lfibclear.o
 .note.GNU-stack
                0x0000000000000000        0x0 binaries/lfibget.o
 .note.GNU-stack
                0x0000000000000000        0x0 binaries/lfibput.o
 .note.GNU-stack
                0x0000000000000000        0x0 binaries/lflclose.o
 .note.GNU-stack
                0x0000000000000000        0x0 binaries/lflcontrol.o
 .note.GNU-stack
                0x0000000000000000        0x0 binaries/lflgetc.o
 .note.GNU-stack
                0x0000000000000000        0x0 binaries/lflinit.o
 .note.GNU-stack
                0x0000000000000000        0x0 binaries/lflputc.o
 .note.GNU-stack
                0x0000000000000000        0x0 binaries/lflread.o
 .note.GNU-stack
                0x0000000000000000        0x0 binaries/lflseek.o
 .note.GNU-stack
                0x0000000000000000        0x0 binaries/lflwrite.o
 .note.GNU-stack
                0x0000000000000000        0x0 binaries/lfsckfmt.o
 .note.GNU-stack
                0x0000000000000000        0x0 binaries/lfscreate.o
 .note.GNU-stack
                0x0000000000000000        0x0 binaries/lfsetup.o
 .note.GNU-stack
                0x0000000000000000        0x0 binaries/lfsinit.o
 .note.GNU-stack
                0x0000000000000000        0x0 binaries/lfsopen.o
 .note.GNU-stack
                0x0000000000000000        0x0 binaries/lftruncate.o
 .note.GNU-stack
                0x0000000000000000        0x0 binaries/rflclose.o
 .note.GNU-stack
                0x0000000000000000        0x0 binaries/rflgetc.o
 .note.GNU-stack
                0x0000000000000000        0x0 binaries/rflinit.o
 .note.GNU-stack
                0x0000000000000000        0x0 binaries/rflputc.o
 .note.GNU-stack
                0x0000000000000000        0x0 binaries/rflread.o
 .note.GNU-stack
                0x0000000000000000        0x0 binaries/rflseek.o
 .note.GNU-stack
                0x0000000000000000        0x0 binaries/rflwrite.o
 .note.GNU-stack
                0x0000000000000000        0x0 binaries/rfscomm.o
 .note.GNU-stack
                0x0000000000000000        0x0 binaries/rfscontrol.o
 .note.GNU-stack
                0x0000000000000000        0x0 binaries/rfsgetmode.o
 .note.GNU-stack
                0x0000000000000000        0x0 binaries/rfsinit.o
 .note.GNU-stack
                0x0000000000000000        0x0 binaries/rfsndmsg.o
 .note.GNU-stack
                0x0000000000000000        0x0 binaries/rfsopen.o
 .note.GNU-stack
                0x0000000000000000        0x0 binaries/arp.o
 .note.GNU-stack
                0x0000000000000000        0x0 binaries/dhcp.o
 .note.GNU-stack
                0x0000000000000000        0x0 binaries/dot2ip.o
 .note.GNU-stack
                0x0000000000000000        0x0 binaries/hexdump.o
 .note.GNU-stack
                0x0000000000000000        0x0 binaries/icmp.o
 .note.GNU-stack
                0x0000000000000000        0x0 binaries/ip.o
 .note.GNU-stack
                0x0000000000000000        0x0 binaries/net.o
 .note.GNU-stack
                0x0000000000000000        0x0 binaries/netstart.o
 .note.GNU-stack
                0x0000000000000000        0x0 binaries/pdump.o
 .note.GNU-stack
                0x0000000000000000        0x0 binaries/tftp.o
 .note.GNU-stack
                0x0000000000000000        0x0 binaries/udp.o
 .note.GNU-stack
                0x0000000000000000        0x0 binaries/addargs.o
 .note.GNU-stack
                0x0000000000000000        0x0 binaries/lexan.o
 .note.GNU-stack
                0x0000000000000000        0x0 binaries/shell.o
 .note.GNU-stack
                0x0000000000000000        0x0 binaries/xsh_argecho.o
 .note.GNU-stack
                0x0000000000000000        0x0 binaries/xsh_arp.o
 .note.GNU-stack
                0x0000000000000000        0x0 binaries/xsh_cat.o
 .note.GNU-stack
                0x0000000000000000        0x0 binaries/xsh_clear.o
 .note.GNU-stack
                0x0000000000000000        0x0 binaries/xsh_date.o
 .note.GNU-stack
                0x0000000000000000        0x0 binaries/xsh_devdump.o
 .note.GNU-stack
                0x0000000000000000        0x0 binaries/xsh_echo.o
 .note.GNU-stack
                0x0000000000000000        0x0 binaries/xsh_exit.o
 .note.GNU-stack
                0x0000000000000000        0x0 binaries/xsh_help.o
 .note.GNU-stack
                0x0000000000000000        0x0 binaries/xsh_ipaddr.o
 .note.GNU-stack
                0x0000000000000000        0x0 binaries/xsh_kill.o
 .note.GNU-stack
                0x0000000000000000        0x0 binaries/xsh_memdump.o
 .note.GNU-stack
                0x0000000000000000        0x0 binaries/xsh_memstat.o
 .note.GNU-stack
                0x0000000000000000        0x0 binaries/xsh_ping.o
 .note.GNU-stack
                0x0000000000000000        0x0 binaries/xsh_ps.o
 .note.GNU-stack
                0x0000000000000000        0x0 binaries/xsh_sleep.o
 .note.GNU-stack
                0x0000000000000000        0x0 binaries/xsh_udpdump.o
 .note.GNU-stack
                0x0000000000000000        0x0 binaries/xsh_udpecho.o
 .note.GNU-stack
                0x0000000000000000        0x0 binaries/xsh_udpeserver.o
 .note.GNU-stack
                0x0000000000000000        0x0 binaries/xsh_uptime.o
